// Jest Snapshot v1, https://goo.gl/fbAQLP

exports[`Svg Component should match the snapshot 1`] = `
<View>
  <SvgMock
    fill="#00ff00"
    height="100%"
    stroke="#ff0000"
    width="100%"
  />
</View>
`;
