// Jest Snapshot v1, https://goo.gl/fbAQLP

exports[`Text Component should match the snapshot 1`] = `
<Text
  style={
    [
      {
        "color": "#525252",
        "fontFamily": "Inter-Regular",
        "fontSize": 14,
      },
      undefined,
    ]
  }
>
  Snapshot Test
</Text>
`;
